c b a -A- -B- -C- A B C
C='c'
singlequote=''\'''
pipe alias
restored
complex alias
a a a a a a
FOO=BAR
alias: semi-special builtin
unalias: semi-special builtin
