alias
cat c
c c
echo cat c
hello world
world
reserved words
restored
=====
alias
