1 0
aaa=('1' '2' '3')
ary=('test' 'of' 'array')
2 0
3 0 1 2 3 4 5 6 7 8 9
4 0 1 3 4 5 7 9
5 0 1 4 5 7
6 0 0 1 4 5 7
7 0 0 1 2 3 4 5 7
8 0 0 1 2 3 4 5 6 7
9 0 0 1 2 3 4 5 6 7 8
10 0 0 1 2 3 4 5 6 7 8 9
11 0 ! 0 1 2 3 4 5 6 7 8 9
12 0 0 1 1 2 3 4 5 6 7 - 9
13 1 0 1 1 2 3 4 5 6 7 - 9
===== 1 =====
array no-such-option 2
array output error 1
array readonly 1 1
array readonly 2 1
array readonly 3 1
array readonly 4 1
array readonly 5 1
array readonly 6 1
array readonly 7 1
0 1 1 2 3 4 5 6 7 - 9
