===== break continue =====
break ok 2
break ok
continue 1
continue ok
continue 2
continue ok
===== . =====
-1 2 3-
--
returning --
returning --
0
-a b c-
===== exec =====
sh
sh
bar=456
foo=123
bar=456
foo=123
