~+
~-
expand.tst
1 b
123/xxx/789
xxx/456/789 123/456/789
123/456/xxx 123/456/789
123-456-789 123/4/6/789 123/456/789
x
19
1 2 3 4 5
foo bar
1-2-3   1 2 3
===== 1 =====
-2-
2 2

zero index
1-2-3 1-2-3 5
===== 2 =====
1
22
3  3
4   4
5
-0-
1
22
3  3
4   4
5
-1-
1 22 3  3 4   4 5
-2-
5
-3-
1
-4-
22
-5-
3  3
-6-
4   4
-7-
5
-8-
1
22
3  3
-9-
22
3  3
4   4
-10-
3  3
4   4
5
-11-
4   4
5
-12-
5
-13-
-14-
1
22
3  3
4   4
5
-20-
3
-21-
3  3
-22-
1
22
3
3
4
4
5
-30-
1
22
3
3
4
4
5
-31-
===== 3 =====
--
1
22
3  3
4   4
5
-0-
1
22
3  3
4   4
5
-1-
1 22 3  3 4   4 5
-2-
5
-3-
1
-4-
22
-5-
3  3
-6-
4   4
-7-
5
-8-
1
22
3  3
-9-
22
3  3
4   4
-10-
3  3
4   4
5
-11-
4   4
5
-12-
5
-13-
-14-
1
22
3  3
4   4
5
-20-
3
-21-
3  3
-22-
1
22
3
3
4
4
5
-30-
1
22
3
3
4
4
5
-31-
===== 4 =====
1 22 3  3 4   4 5
-0-
1 22 3  3 4   4 5
-1-
1 22 3  3 4   4 5
-2-
5
-3-
1
-4-
22
-5-
3  3
-6-
4   4
-7-
5
-8-
1 22 3  3
-9-
22 3  3 4   4
-10-
3  3 4   4 5
-11-
4   4 5
-12-
5
-13-

-14-
1 22 3  3 4   4 5
-20-
3
-21-
2
-22-
1
22
3
3
4
4
5
-30-
1
22
3
3
4
4
5
-31-
===== 5 =====
3  3
4   4
