~+
~-
expand.y.tst
1 b
nest $ +
nest $ -
nest $ =
nest $ ?
nest $ #
nest $ %
nest $ /
123/xxx/789
xxx/456/789 123/456/789
123/456/xxx 123/456/789
123-456-789 123/4/6/789 123/456/789
x
19
1 2 3 4 5
foo bar
1-2-3   1 2 3
===== 1 =====
-2-
2 2

zero index
1-2-3 1-2-3 5
===== 2 =====
1
22
3  3
4   4
5
-0-
1
22
3  3
4   4
5
-1-
1 22 3  3 4   4 5
-2-
5
-3-
1
-4-
22
-5-
3  3
-6-
4   4
-7-
5
-8-
1
22
3  3
-9-
22
3  3
4   4
-10-
3  3
4   4
5
-11-
4   4
5
-12-
5
-13-
-14-
1
22
3  3
4   4
5
-20-
3
-21-
3  3
-22-
1
22
3
3
4
4
5
-30-
1
22
3
3
4
4
5
-31-
===== 3 =====
--
1
22
3  3
4   4
5
-0-
1
22
3  3
4   4
5
-1-
1 22 3  3 4   4 5
-2-
5
-3-
1
-4-
22
-5-
3  3
-6-
4   4
-7-
5
-8-
1
22
3  3
-9-
22
3  3
4   4
-10-
3  3
4   4
5
-11-
4   4
5
-12-
5
-13-
-14-
1
22
3  3
4   4
5
-20-
3
-21-
3  3
-22-
1
22
3
3
4
4
5
-30-
1
22
3
3
4
4
5
-31-
===== 4 =====
1 22 3  3 4   4 5
-0-
1 22 3  3 4   4 5
-1-
1 22 3  3 4   4 5
-2-
5
-3-
1
-4-
22
-5-
3  3
-6-
4   4
-7-
5
-8-
1 22 3  3
-9-
22 3  3 4   4
-10-
3  3 4   4 5
-11-
4   4 5
-12-
5
-13-

-14-
1 22 3  3 4   4 5
-20-
3
-21-
2
-22-
1
22
3
3
4
4
5
-30-
1
22
3
3
4
4
5
-31-
===== 5 =====
3  3
4   4
===== 6 =====
[][][]
-
- 1
[1][][]
- 2
- 1
[1][2][]
0
[1][2][]
ary=1:2:
===== 7 =====
{1..9 {1.9} 1..9}
1 2 3 4 5 6 7 8 9
9 10 11
111 112 113 114 115 116 117 118 119 120 121 122 123
9 8 7 6 5 4 3 2 1
11 10 9
123 122 121 120 119 118 117 116 115 114 113 112 111
1 3 5
1 4 7 10 13 16 19
1
1
{0..0..0}
5 3 1
19 16 13 10 7 4 1
1
-11 -13 -15 -17 -19
a1b a2b a3b a4b
a1b a2b a3b a4b ab a555b
a1b3c a1b4c a2b3c a2b4c
ab1cd ab2cd a3d
ab1cd ab2cd a3d
1  2
a1'\"2b a3b
{1,2,3} {4,5,6}
ab ab
