1
11
21
31
41
51
61
71
81
91
111
112
113
114
121
122
123
124
131
132
133
134
141
142
143
144
211
212
213
214
221
222
223
224
231
232
233
234
241
242
243
244
311
312
313
314
315
321
322
323
324
325
331
332
333
334
335
341
342
343
344
345
351
352
353
354
355
391
392
393
1011
1012
1013
1014
1021
1022
1023
1024
1031
1032
1033
1034
1041
1042
1043
1044
1099
2001
2004
2011
2012
2013
2014
2016
2022
2023
2024
2025
2026
2102
2111
2112
2121
2122
2131
2132
3001 lower
3001 alpha
3001 alnum
3001 graph
3001 print
3001 xdigit
3002
3003
3004
3007
3101
3111
3113
3121
3145
3155
