===== 1 0
===== 2 0
===== 3 0
===== 4 0
===== 5 0
===== 6 0
===== 7 0
===== 8 0
===== 9 0
===== 10 0
===== 11 0
===== 12 0
===== 13 0
===== 14 0
help no-such-option 2
help no-such-builtin 1
