2
1	PS1= PS2=; echo >&2 #1
2	echo 2 #2
3	fc -l #3
	PS1= PS2=; echo >&2 #1
	echo 2 #2
	fc -l #3
	fc -l -n #4
5	fc -l -r #5
4	fc -l -n #4
3	fc -l #3
2	echo 2 #2
1	PS1= PS2=; echo >&2 #1
3
3
4
5
6	echo 3 #6
7	echo 3 #6
8	echo 4 #6
9	echo 5 #2
10	fc -l 6 #10
7	echo 3 #6
9	echo 5 #2
8	echo 4 #6
7	echo 3 #6
===== #13
===== #13
===== #13
12	fc -l 9 7 #12
13	echo ===== \#13
14	echo ===== \#13
===== #17
===== #18
===== #19
5	fc -l -r #5
6	echo 3 #6
7	echo 3 #6
8	echo 4 #6
9	echo 5 #2
10	fc -l 6 #10
11	fc -l 7 7 #11
12	fc -l 9 7 #12
13	echo ===== \#13
14	echo ===== \#13
15	echo ===== \#13
16	fc -rl -- -3 -5 #16
17	echo ===== \#17
18	echo ===== \#18
19	echo ===== \#19
20	fc -l #20
===== #21
3	fc -l #3
4	fc -l -n #4
5	fc -l -r #5
6	echo 3 #6
7	echo 3 #6
8	echo 4 #6
9	echo 5 #2
10	fc -l 6 #10
11	fc -l 7 7 #11
12	fc -l 9 7 #12
13	echo ===== \#13
14	echo ===== \#13
15	echo ===== \#13
16	fc -rl -- -3 -5 #16
17	echo ===== \#17
18	echo ===== \#18
19	echo ===== \#19
20	fc -l #20
21	echo ===== \#21
22	fc -l 1 10000 #22
21	echo ===== \#21
22	fc -l 1 10000 #22
23	fc -l echo #23
===== #24
1
12
123
1
12
123
==========
echo ===== \#13
echo ===== \#13
fc -rl -- -3 -5 #16
echo ===== \#17
echo ===== \#18
echo ===== \#19
fc -l #20
echo ===== \#21
fc -l 1 10000 #22
fc -l echo #23
echo ===== \#24
echo ===== \#21
echo 1 #26
echo 12 #27
echo 123 #28
echo 1 #26
echo 12 #27
echo 123 #28
FCEDIT=false #32
