===== 1 =====
profile 1
file 1
profile 2
file 2
profile 3
main
===== 2 =====
profile 1
file 1
profile 2
file 2
profile 3
main
===== 3 =====
file 1
main
===== 4 =====
yashrc 1
file 1
yashrc 2
file 2
yashrc 3
main
===== 5 =====
yashrc 1
file 1
yashrc 2
file 2
yashrc 3
main
===== 6 =====
file 1
main
===== 7 =====
file 1
yashrc 1
file 1
yashrc 2
file 2
yashrc 3
main
===== 8 =====
profile 1
file 1
profile 2
file 2
profile 3
file 2
main
===== 9 =====
file 1
file 2
main
===== 10 =====
main
===== 11 =====
file 1
main
===== 12 =====
file 2
main
===== 13 =====
main
===== 14 =====
file 3
main
===== error 1 =====
error 1
error 2
error $?=258
main
===== error 2 =====
error 1
error 2
error $?=258
main
===== non-existing 1 =====
main
===== non-existing 2 =====
main
===== non-existing 3 =====
main
