===== input.p.t =====
ok
here-document
ok
===== input.t =====
1
ok
