===== input.p.t =====
x\$ x
x> x
x+ x
ok
here-document
ok
===== input.t =====
x#? x
ok
