echo
wait ok
echo
wait 3



wait 0
echo
wait 3
wait 1
wait 127
