===== -h =====
1
===== nocaseglob =====
option.tst
O[OPQ]T*ON.tst
===== dotglob =====
.dotfile
*
===== markdirs =====
dir/
dir
===== extendedglob =====
dir/dir2/file
**/file
===== nullglob =====
1
n*ll 2
===== posix =====
> 
