===== -a =====
foo=123
===== -e =====
ok group
ok if
0
===== -f =====
/*
===== -h =====
===== -m =====
===== -b =====
===== -n =====
===== -u =====
ok nounset
===== -v =====
23
===== -x =====
23
===== ignoreeof =====
ignoreeof
ok
