===== -h =====
1
===== nocaseglob =====
option.y.tst
O[OPQ]T*ON.y.tst
===== dotglob =====
. .. .dotfile
*
===== markdirs =====
dir/
dir
===== extendedglob =====
dir/dir2/file
**/file
===== nullglob =====
f[o/b]r 1
n*ll f[o/b]r f?o/b*r 2
===== posix =====
> 
