===== for =====
1
2
3
1
2
3
===== empty compound commands =====
a 1
b 1
c1 1
c2 1
c3 1
d1 0
d2 0
2
1
0
e1 0
