===== cd builtin =====
cd --default-directory=$TESTTMP
cd --default-directory=-
