===== cd builtin =====
cd $HOME
cd $OLDPWD
cd $PWD
cd -P
cd -L
cd -L default
cd $CDPATH 1
cd $CDPATH 2
