===== echo =====
123 456 789
1 22 3  3 4
4 55
===== unset
-n new
line
-n new line
12367
89	0!
S
x \123\12\1x !1
-e 1-e -E 1-eE 1-ne 123 -
===== SYSV
-n new
line
-n new line
12367
89	0!
S
x \123\12\1x !1
-e 1-e -E 1-eE 1-ne 123 -
===== XSI
-n new
line
-n new line
12367
89	0!
S
x \123\12\1x !1
-e 1-e -E 1-eE 1-ne 123 -
===== BSD
newline
new line1\a2\b3\c4 5
6\f7\n8\r9\t0\v!
\0123\012\01x \123\12\1x \00411
-e 1\c2
-e -E 1\c2
-eE 1\c2
-ne 123 -\c- 456

===== GNU
newline
new line1\a2\b3\c4 5
6\f7\n8\r9\t0\v!
\0123\012\01x \123\12\1x \00411
11\c2
1\c2
123 -
===== ZSH
newline
new line12367
89	0!
S
x \123\12\1x !1
11\c2
1\c2
123 -
===== DASH
newline
new line12367
89	0!
S
x \123\12\1x !1
-e 1-e -E 1-eE 1-ne 123 -
===== RAW
-n new
line
-n new line
1\a2\b3\c4 5
6\f7\n8\r9\t0\v!
\0123\012\01x \123\12\1x \00411
-e 1\c2
-e -E 1\c2
-eE 1\c2
-ne 123 -\c- 456

===== printf =====
1
hello
multiple
lines continued
=====
abfrt	v-
backslash \
double-quote "
single-quote '
octal 	 @0
===== %%
%
%
===== %d
0
0
0 10 200 345 -1278 1
+1 +20 +345 -1278 2
+1 +20 +345 -1278 3
 1  20  345 -1278 4
      +1      +20     +345    -1278 5
+1       +20      +345     -1278    6
+0000001 +0000020 +0000345 -0001278 7
+1       +20      +345     -1278    8
    +001     +020     +345    -1278 9
0 9 510 510 97 64 10
===== %i
0
0
0 10 200 345 -1278 1
+1 +20 +345 -1278 2
+1 +20 +345 -1278 3
 1  20  345 -1278 4
      +1      +20     +345    -1278 5
+1       +20      +345     -1278    6
+0000001 +0000020 +0000345 -0001278 7
+1       +20      +345     -1278    8
    +001     +020     +345    -1278 9
0 9 510 510 97 64 10
===== %u
0
0
0 10 200 345 1
1 20 345 2
1 20 345 3
1 20 345 4
       1       20      345 5
1        20       345      6
00000001 00000020 00000345 7
1        20       345      8
     001      020      345 9
0 9 510 510 97 64 10
===== %o
0
0
0 12 310 531 1
1 24 531 2
1 24 531 3
1 24 531 4
       1       24      531 5
1        24       531      6
00000001 00000024 00000531 7
1        24       531      8
     001      024      531 9
0 11 776 776 141 100 10
000 003 010 0123 012345 11
===== %x
0
0
0 a c8 159 1
1 14 159 2
1 14 159 3
1 14 159 4
       1       14      159 5
1        14       159      6
00000001 00000014 00000159 7
1        14       159      8
     001      014      159 9
0 9 1fe 1fe 61 40 10
0 0x9 0x1fe 0x1fe 0x61 0x40 11
===== %X
0
0
0 A C8 159 1
1 14 159 2
1 14 159 3
1 14 159 4
       1       14      159 5
1        14       159      6
00000001 00000014 00000159 7
1        14       159      8
     001      014      159 9
0 9 1FE 1FE 61 40 10
0 0X9 0X1FE 0X1FE 0X61 0X40 11
===== %f
0.000000
0.000000
1.000000 1.250000 -1000.000000 1
+1.000000 +1.250000 -1000.000000 2
+1.000000 +1.250000 -1000.000000 3
 1.000000  1.250000 -1000.000000 4
      +1.000000       +1.250000    -1000.000000 5
+1.000000       +1.250000       -1000.000000    6
+0000001.000000 +0000001.250000 -0001000.000000 7
+1.000000       +1.250000       -1000.000000    8
         +1.000          +1.250       -1000.000 9
1 1 -1000 10
1. 1. -1000. 11
===== %F
0.000000
0.000000
1.000000 1.250000 -1000.000000 1
+1.000000 +1.250000 -1000.000000 2
+1.000000 +1.250000 -1000.000000 3
 1.000000  1.250000 -1000.000000 4
      +1.000000       +1.250000    -1000.000000 5
+1.000000       +1.250000       -1000.000000    6
+0000001.000000 +0000001.250000 -0001000.000000 7
+1.000000       +1.250000       -1000.000000    8
         +1.000          +1.250       -1000.000 9
1 1 -1000 10
1. 1. -1000. 11
===== %e
0.000000e+00
0.000000e+00
1.000000e+00 1.250000e+00 -1.000000e+03 1
+1.000000e+00 +1.250000e+00 -1.000000e+03 2
+1.000000e+00 +1.250000e+00 -1.000000e+03 3
 1.000000e+00  1.250000e+00 -1.000000e+03 4
  +1.000000e+00   +1.250000e+00   -1.000000e+03 5
+1.000000e+00   +1.250000e+00   -1.000000e+03   6
+001.000000e+00 +001.250000e+00 -001.000000e+03 7
+1.000000e+00   +1.250000e+00   -1.000000e+03   8
     +1.000e+00      +1.250e+00      -1.000e+03 9
1e+00 1e+00 -1e+03 10
1.e+00 1.e+00 -1.e+03 11
===== %E
0.000000E+00
0.000000E+00
1.000000E+00 1.250000E+00 -1.000000E+03 1
+1.000000E+00 +1.250000E+00 -1.000000E+03 2
+1.000000E+00 +1.250000E+00 -1.000000E+03 3
 1.000000E+00  1.250000E+00 -1.000000E+03 4
  +1.000000E+00   +1.250000E+00   -1.000000E+03 5
+1.000000E+00   +1.250000E+00   -1.000000E+03   6
+001.000000E+00 +001.250000E+00 -001.000000E+03 7
+1.000000E+00   +1.250000E+00   -1.000000E+03   8
     +1.000E+00      +1.250E+00      -1.000E+03 9
1E+00 1E+00 -1E+03 10
1.E+00 1.E+00 -1.E+03 11
===== %g
0
0
1 1.25 -1000 2.5e-05 1
+1 +1.25 -1000 +2.5e-05 2
+1 +1.25 -1000 +2.5e-05 3
 1  1.25 -1000  2.5e-05 4
             +1           +1.25           -1000        +2.5e-05 5
+1              +1.25           -1000           +2.5e-05        6
+00000000000001 +00000000001.25 -00000000001000 +00000002.5e-05 7
+1              +1.25           -1000           +2.5e-05        8
             +1           +1.25          -1e+03        +2.5e-05 9
          +1.00           +1.25       -1.00e+03       +2.50e-05 10
===== %G
0
0
1 1.25 -1000 2.5E-05 1
+1 +1.25 -1000 +2.5E-05 2
+1 +1.25 -1000 +2.5E-05 3
 1  1.25 -1000  2.5E-05 4
             +1           +1.25           -1000        +2.5E-05 5
+1              +1.25           -1000           +2.5E-05        6
+00000000000001 +00000000001.25 -00000000001000 +00000002.5E-05 7
+1              +1.25           -1000           +2.5E-05        8
             +1           +1.25          -1E+03        +2.5E-05 9
          +1.00           +1.25       -1.00E+03       +2.50E-05 10
===== %c


a
l
a
  b
c  
===== %s

argument  with  space and
newline
argument with backslash \\ and percent %%
  123     a long_argument 1
   12     a    lo 2
123   a     long_argument 3
===== %b

argument  with  space and
newline
argument with backslash \ and percent %%
  123     a long_argument 1
   12     a    lo 2
123   a     long_argument 3
12    a     lo    4
12367
89	0!
S
x
\123\12\1x
!1
=====
1
1
===== error =====
printf no-such-option 2
printf output error 1
printf operand missing 2
0
printf invalid operand 1
echo output error 1
