- variables are assigned even if EOF is encountered
1
typeset a=''
typeset b=''
typeset c=''
- input ending without newline
1
typeset a='A'
- input ending with backslash - not raw mode
1
typeset a='A'
- input ending with backslash - raw mode
1
typeset a='A\'
- array - single operand - single field
0
a=('A')
typeset a
- array - single operand - no field
0
a=()
typeset a
- array - many operands
0
typeset a='A'
typeset b='B'
c=('C')
typeset c
- array - too many fields
0
typeset a='A'
typeset b='B'
c=('C' 'D' 'E\EE')
typeset c
- array - too many variables
0
typeset a='A'
typeset b='B'
typeset c=''
d=()
typeset d
- array - long option
0
typeset a='A'
typeset b='B'
c=('C')
typeset c
