===== pipe redirection =====
4-3
4-6
5-3
5-6
5-4
3-6
3-4
loop
1
2
3
4
5
===== command redirection =====
1
2
3
4
5
0
