Hello,
Hello,
World.
redirection before command
2>/dev/null
2
foo
foo
===== 1 =====
complex redirection
not writable
not readable
===== 2 =====
Test of here-document.
		<"">
		"'"''\-\'\"
Test of here-document.
		<"${TERM+}">
		"'"''\\-\'\"
Test of here-document.
<"">
"'"''\-\'\"
Test of here-document.
<"${TERM+}">
"'"''\\-\'\"
1
2
