===== trap =====
ok 1
ok 2
ok 3
USR2
ok 4
USR1 trapped
USR1
ok 5
trapped
trapped
ok 6
USR1 sent
ok 7
USR2
USR2
ok 8
USR1
ok 9
trapped
