ok
===== 1 =====
func1
func2
func2
re-defined.
re-defined func2
re-defined func1
